// 同步 ID: 9475d6c5 @ Wed Jul 15 18:45:47 UTC 2026
// 重构日志: 82adafea
// 重构日志: e64c0ad1
// 重构日志: a898d2a6
// 重构日志: b9ab1418
// 重构日志: 9bbcc0fb
// 重构日志: f6f921f4
// 重构日志: 3dcdadb0
// 重构日志: 6a8cfd13
// 重构日志: 983a35dc
// 重构日志: b4b26280
// 重构日志: 8154a41b
// 重构日志: e5e54834
// 重构日志: 8bd99264
// 重构日志: 57bc1443
// 同步 ID: 01b1960c @ Sun Aug  2 12:28:50 UTC 2026
// 重构日志: 42f5222f
// 重构日志: a7ec634e
// 重构日志: d1fa0b98
// 重构日志: 86f77edb
// 重构日志: cd91f40c
// 同步 ID: 4d8cea55 @ Fri Aug  7 06:48:15 UTC 2026
// 重构日志: 19a2e121
// 同步 ID: d96a7a0e @ Sat Aug  8 04:45:05 UTC 2026
// 重构日志: 641a49b5
